
> alpha-temp@0.1.0 build
> prisma generate && next build

node.exe : Environment variables loaded from .env
En línea: 1 Carácter: 1
+ & "C:\Program Files\nodejs/node.exe" "C:\Program Files\nodejs/node_mo ...
+ ~~~~~~~~~~~~~~~~~~~~~~~~~~~~~~~~~~~~~~~~~~~~~~~~~~~~~~~~~~~~~~~~~~~~~
    + CategoryInfo          : NotSpecified: (Environment variables loaded from 
    .env:String) [], RemoteException
    + FullyQualifiedErrorId : NativeCommandError
 
Prisma schema loaded from prisma\schema.prisma
warn Preview feature "multiSchema" is deprecated. The functionality can be 
used without specifying it as a preview feature.

Ô£ö Generated Prisma Client (v6.19.3) to .\node_modules\@prisma\client in 693ms

Start by importing your Prisma Client (See: https://pris.ly/d/importing-client)

Tip: Need your database queries to be 1000x faster? Accelerate offers you that and more: https://pris.ly/tip-2-accelerate

   Ôû▓ Next.js 15.5.14
   - Environments: .env
   - Experiments (use with caution):
     ┬À serverActions

   Creating an optimized production build ...
Failed to compile.

./app/perfil/views/2fa/autenticacion-2fa.tsx
Module not found: Can't resolve 'speakeasy'

https://nextjs.org/docs/messages/module-not-found

Import trace for requested module:
./app/perfil/views/seguridad-view.tsx
./app/perfil/page.tsx

./app/perfil/views/2fa/autenticacion-2fa.tsx
Module not found: Can't resolve 'qrcode'

https://nextjs.org/docs/messages/module-not-found

Import trace for requested module:
./app/perfil/views/seguridad-view.tsx
./app/perfil/page.tsx

./app/search/page.tsx
Module not found: Can't resolve '@turf/turf'

https://nextjs.org/docs/messages/module-not-found

./app/api/auth/verify-2fa-login/route.ts
Module not found: Can't resolve 'speakeasy'

https://nextjs.org/docs/messages/module-not-found

./app/api/perfil/verify2FA/route.ts
Module not found: Can't resolve 'speakeasy'

https://nextjs.org/docs/messages/module-not-found


> Build failed because of webpack errors
